This file contains any messages produced by compilers while
running configure, to aid debugging if configure makes a mistake.

It was created by MySQL Server configure 5.1.54, which was
generated by GNU Autoconf 2.63.  Invocation command line was

  $ ../configure --build=x86_64-linux-gnu --host=x86_64-linux-gnu --prefix=/usr --exec-prefix=/usr --libexecdir=/usr/sbin --datadir=/usr/share --localstatedir=/var/lib/mysql --includedir=/usr/include --infodir=/usr/share/info --mandir=/usr/share/man --with-server-suffix=-1ubuntu4 --with-comment=(Ubuntu) --with-system-type=debian-linux-gnu --enable-shared --enable-static --enable-thread-safe-client --enable-assembler --enable-local-infile --with-pic --with-lib-ccflags=-fPIC --with-pstack --with-fast-mutexes --with-big-tables --with-unix-socket-path=/var/run/mysqld/mysqld.sock --with-mysqld-user=mysql --with-libwrap --without-readline --with-ssl --without-docs --with-extra-charsets=all --with-plugins=max --without-ndbcluster --with-embedded-server --with-embedded-privilege-control

## --------- ##
## Platform. ##
## --------- ##

hostname = borisov-pc-u64
uname -m = x86_64
uname -r = 2.6.32-32-generic
uname -s = Linux
uname -v = #62-Ubuntu SMP Wed Apr 20 21:52:38 UTC 2011

/usr/bin/uname -p = unknown
/bin/uname -X     = unknown

/bin/arch              = unknown
/usr/bin/arch -k       = unknown
/usr/convex/getsysinfo = unknown
/usr/bin/hostinfo      = unknown
/bin/machine           = unknown
/usr/bin/oslevel       = unknown
/bin/universe          = unknown

PATH: /bin
PATH: /usr/bin


## ----------- ##
## Core tests. ##
## ----------- ##

configure:2571: checking build system type
configure:2589: result: x86_64-pc-linux-gnu
configure:2611: checking host system type
configure:2626: result: x86_64-pc-linux-gnu
configure:2648: checking target system type
configure:2663: result: x86_64-pc-linux-gnu
configure:2710: checking for a BSD-compatible install
configure:2778: result: /usr/bin/install -c
configure:2789: checking whether build environment is sane
configure:2832: result: yes
configure:2857: checking for a thread-safe mkdir -p
configure:2896: result: /bin/mkdir -p
configure:2909: checking for gawk
configure:2925: found /usr/bin/gawk
configure:2936: result: gawk
configure:2947: checking whether make sets $(MAKE)
configure:2969: result: yes
configure:3148: checking how to create a ustar tar archive
configure:3161: tar --version
tar (GNU tar) 1.22
Copyright (C) 2009 Free Software Foundation, Inc.
License GPLv3+: GNU GPL version 3 or later <http://gnu.org/licenses/gpl.html>.
This is free software: you are free to change and redistribute it.
There is NO WARRANTY, to the extent permitted by law.

Written by John Gilmore and Jay Fenlason.
configure:3164: $? = 0
configure:3204: tardir=conftest.dir && eval tar --format=ustar -chf - "$tardir" >conftest.tar
configure:3207: $? = 0
configure:3211: tar -xf - <conftest.tar
configure:3214: $? = 0
configure:3227: result: gnutar
configure:3271: checking for style of include used by make
configure:3299: result: GNU
configure:3329: checking for x86_64-linux-gnu-gcc
configure:3356: result: gcc
configure:3628: checking for C compiler version
configure:3636: gcc --version >&5
gcc-4.4.real (Ubuntu 4.4.3-4ubuntu5) 4.4.3
Copyright (C) 2009 Free Software Foundation, Inc.
This is free software; see the source for copying conditions.  There is NO
warranty; not even for MERCHANTABILITY or FITNESS FOR A PARTICULAR PURPOSE.

configure:3640: $? = 0
configure:3647: gcc -v >&5
Using built-in specs.
Target: x86_64-linux-gnu
Configured with: ../src/configure -v --with-pkgversion='Ubuntu 4.4.3-4ubuntu5' --with-bugurl=file:///usr/share/doc/gcc-4.4/README.Bugs --enable-languages=c,c++,fortran,objc,obj-c++ --prefix=/usr --enable-shared --enable-multiarch --enable-linker-build-id --with-system-zlib --libexecdir=/usr/lib --without-included-gettext --enable-threads=posix --with-gxx-include-dir=/usr/include/c++/4.4 --program-suffix=-4.4 --enable-nls --enable-clocale=gnu --enable-libstdcxx-debug --enable-plugin --enable-objc-gc --disable-werror --with-arch-32=i486 --with-tune=generic --enable-checking=release --build=x86_64-linux-gnu --host=x86_64-linux-gnu --target=x86_64-linux-gnu
Thread model: posix
gcc version 4.4.3 (Ubuntu 4.4.3-4ubuntu5) 
configure:3651: $? = 0
configure:3658: gcc -V >&5
gcc-4.4.real: '-V' must come at the start of the command line
configure:3662: $? = 1
configure:3685: checking for C compiler default output file name
configure:3707: gcc -O3 -DBIG_JOINS=1 -fPIC -fno-strict-aliasing  -Wl,-Bsymbolic-functions conftest.c  >&5
configure:3711: $? = 0
configure:3749: result: a.out
configure:3768: checking whether the C compiler works
configure:3778: ./a.out
configure:3782: $? = 0
configure:3801: result: yes
configure:3808: checking whether we are cross compiling
configure:3810: result: no
configure:3813: checking for suffix of executables
configure:3820: gcc -o conftest -O3 -DBIG_JOINS=1 -fPIC -fno-strict-aliasing  -Wl,-Bsymbolic-functions conftest.c  >&5
configure:3824: $? = 0
configure:3850: result: 
configure:3856: checking for suffix of object files
configure:3882: gcc -c -O3 -DBIG_JOINS=1 -fPIC -fno-strict-aliasing  conftest.c >&5
configure:3886: $? = 0
configure:3911: result: o
configure:3915: checking whether we are using the GNU C compiler
configure:3944: gcc -c -O3 -DBIG_JOINS=1 -fPIC -fno-strict-aliasing  conftest.c >&5
configure:3951: $? = 0
configure:3968: result: yes
configure:3977: checking whether gcc accepts -g
configure:4007: gcc -c -g  conftest.c >&5
configure:4014: $? = 0
configure:4115: result: yes
configure:4132: checking for gcc option to accept ISO C89
configure:4206: gcc  -c -O3 -DBIG_JOINS=1 -fPIC -fno-strict-aliasing  conftest.c >&5
configure:4213: $? = 0
configure:4236: result: none needed
configure:4256: checking dependency style of gcc
configure:4347: result: gcc3
configure:4362: checking for a sed that does not truncate output
configure:4428: result: /bin/sed
configure:4446: checking for grep that handles long lines and -e
configure:4506: result: /bin/grep
configure:4511: checking for egrep
configure:4575: result: /bin/grep -E
configure:4580: checking for fgrep
configure:4644: result: /bin/grep -F
configure:4679: checking for ld used by gcc
configure:4746: result: /usr/bin/ld
configure:4755: checking if the linker (/usr/bin/ld) is GNU ld
configure:4770: result: yes
configure:4782: checking for BSD- or MS-compatible name lister (nm)
configure:4831: result: /usr/bin/nm -B
configure:4949: checking the name lister (/usr/bin/nm -B) interface
configure:4956: gcc -c -O3 -DBIG_JOINS=1 -fPIC -fno-strict-aliasing  conftest.c >&5
configure:4959: /usr/bin/nm -B "conftest.o"
configure:4962: output
0000000000000000 B some_variable
configure:4969: result: BSD nm
configure:4972: checking whether ln -s works
configure:4976: result: yes
configure:4984: checking the maximum length of command line arguments
configure:5104: result: 3458764513820540925
configure:5121: checking whether the shell understands some XSI constructs
configure:5131: result: yes
configure:5135: checking whether the shell understands "+="
configure:5141: result: yes
configure:5176: checking for /usr/bin/ld option to reload object files
configure:5183: result: -r
configure:5212: checking for x86_64-linux-gnu-objdump
configure:5242: result: no
configure:5252: checking for objdump
configure:5268: found /usr/bin/objdump
configure:5279: result: objdump
configure:5311: checking how to recognize dependent libraries
configure:5507: result: pass_all
configure:5527: checking for x86_64-linux-gnu-ar
configure:5557: result: no
configure:5567: checking for ar
configure:5583: found /usr/bin/ar
configure:5594: result: ar
configure:5632: checking for x86_64-linux-gnu-strip
configure:5662: result: no
configure:5672: checking for strip
configure:5688: found /usr/bin/strip
configure:5699: result: strip
configure:5731: checking for x86_64-linux-gnu-ranlib
configure:5761: result: no
configure:5771: checking for ranlib
configure:5787: found /usr/bin/ranlib
configure:5798: result: ranlib
configure:5888: checking command to parse /usr/bin/nm -B output from gcc object
configure:6006: gcc -c -O3 -DBIG_JOINS=1 -fPIC -fno-strict-aliasing  conftest.c >&5
configure:6009: $? = 0
configure:6013: /usr/bin/nm -B conftest.o \| sed -n -e 's/^.*[	 ]\([ABCDGIRSTW][ABCDGIRSTW]*\)[	 ][	 ]*\([_A-Za-z][_A-Za-z0-9]*\)$/\1 \2 \2/p' \> conftest.nm
configure:6016: $? = 0
configure:6070: gcc -o conftest -O3 -DBIG_JOINS=1 -fPIC -fno-strict-aliasing  -Wl,-Bsymbolic-functions conftest.c conftstm.o >&5
configure:6073: $? = 0
configure:6111: result: ok
configure:6207: gcc -c -O3 -DBIG_JOINS=1 -fPIC -fno-strict-aliasing  conftest.c >&5
configure:6210: $? = 0
configure:6978: checking how to run the C preprocessor
configure:7018: gcc -E  conftest.c
configure:7025: $? = 0
configure:7056: gcc -E  conftest.c
conftest.c:10:28: error: ac_nonexistent.h: No such file or directory
configure:7063: $? = 1
configure: failed program was:
| /* confdefs.h.  */
#define TestMacrosName "MySQL Server"
configure:5662: result: no
configure:5672: checking for strip
configure:5688: found /usr/bin/strip
configure:5699: result: strip
configure:5731: checking for x86_64-linux-gnu-ranlib
configure:5761: result: no
configure:5771: checking for ranlib
configure:5787: found /usr/bin/ranlib
configure:5798: result: ranlib
configure:5888: checking command to parse /usr/bin/nm -B output from gcc object
configure:6006: gcc -c -O3 -DBIG_JOINS=1 -fPIC -fno-strict-aliasing  conftest.c >&5
configure:6009: $? = 0
configure:6013: /usr/bin/nm -B conftest.o \| sed -n -e 's/^.*[	 ]\([ABCDGIRSTW][ABCDGIRSTW]*\)[	 ][	 ]*\([_A-Za-z][_A-Za-z0-9]*\)$/\1 \2 \2/p' \> conftest.nm
configure:6016: $? = 0
configure:6070: gcc -o conftest -O3 -DBIG_JOINS=1 -fPIC -fno-strict-aliasing  -Wl,-Bsymbolic-functions conftest.c conftstm.o >&5
configure:6073: $? = 0
configure:6111: result: ok
configure:6207: gcc -c -O3 -DBIG_JOINS=1 -fPIC -fno-strict-aliasing  conftest.c >&5
configure:6210: $? = 0
configure:6978: checking how to run the C preprocessor
configure:7018: gcc -E  conftest.c
configure:7025: $? = 0
